#! /usr/bin/vvp
:ivl_version "10.3 (stable)";
:ivl_delay_selection "TYPICAL";
:vpi_time_precision - 3;
:vpi_module "system";
:vpi_module "vhdl_sys";
:vpi_module "v2005_math";
:vpi_module "va_math";
S_0x633fadc66c50 .scope module, "traffic_light_controller_tb" "traffic_light_controller_tb" 2 3;
 .timescale 0 -3;
v0x633fadc7e500_0 .var "clk", 0 0;
v0x633fadc7e5c0_0 .net "light_A", 2 0, v0x633fadc7dfe0_0;  1 drivers
v0x633fadc7e690_0 .net "light_B", 2 0, v0x633fadc7e0c0_0;  1 drivers
v0x633fadc7e790_0 .var "rst", 0 0;
S_0x633fadc66dd0 .scope module, "uut" "traffic_light_controller" 2 15, 3 3 0, S_0x633fadc66c50;
 .timescale 0 -3;
    .port_info 0 /INPUT 1 "clk"
    .port_info 1 /INPUT 1 "rst"
    .port_info 2 /OUTPUT 3 "light_A"
    .port_info 3 /OUTPUT 3 "light_B"
P_0x633fadc25090 .param/l "ALL_RED_TIME" 0 3 6, C4<001>;
P_0x633fadc250d0 .param/l "GREEN" 1 3 17, C4<001>;
P_0x633fadc25110 .param/l "GREEN_TIME" 0 3 4, C4<110>;
P_0x633fadc25150 .param/l "RED" 1 3 15, C4<100>;
P_0x633fadc25190 .param/l "S0_EW_GREEN" 1 3 21, C4<000>;
P_0x633fadc251d0 .param/l "S1_EW_YELLOW" 1 3 22, C4<001>;
P_0x633fadc25210 .param/l "S2_ALL_RED_1" 1 3 23, C4<010>;
P_0x633fadc25250 .param/l "S3_NS_GREEN" 1 3 24, C4<011>;
P_0x633fadc25290 .param/l "S4_NS_YELLOW" 1 3 25, C4<100>;
P_0x633fadc252d0 .param/l "S5_ALL_RED_2" 1 3 26, C4<101>;
P_0x633fadc25310 .param/l "YELLOW" 1 3 16, C4<010>;
P_0x633fadc25350 .param/l "YELLOW_TIME" 0 3 5, C4<001>;
v0x633fadc4eb50_0 .net "clk", 0 0, v0x633fadc7e500_0;  1 drivers
v0x633fadc7dfe0_0 .var "light_A", 2 0;
v0x633fadc7e0c0_0 .var "light_B", 2 0;
v0x633fadc7e1b0_0 .net "rst", 0 0, v0x633fadc7e790_0;  1 drivers
v0x633fadc7e270_0 .var "state", 2 0;
v0x633fadc7e3a0_0 .var "timer", 2 0;
E_0x633fadc5a870 .event edge, v0x633fadc7e270_0;
E_0x633fadc5ac90 .event posedge, v0x633fadc7e1b0_0, v0x633fadc4eb50_0;
    .scope S_0x633fadc66dd0;
T_0 ;
    %wait E_0x633fadc5ac90;
    %load/vec4 v0x633fadc7e1b0_0;
    %flag_set/vec4 8;
    %jmp/0xz  T_0.0, 8;
    %pushi/vec4 0, 0, 3;
    %assign/vec4 v0x633fadc7e270_0, 0;
    %pushi/vec4 1, 0, 3;
    %assign/vec4 v0x633fadc7e3a0_0, 0;
    %jmp T_0.1;
T_0.0 ;
    %load/vec4 v0x633fadc7e270_0;
    %dup/vec4;
    %pushi/vec4 0, 0, 3;
    %cmp/u;
    %jmp/1 T_0.2, 6;
    %dup/vec4;
    %pushi/vec4 1, 0, 3;
    %cmp/u;
    %jmp/1 T_0.3, 6;
    %dup/vec4;
    %pushi/vec4 2, 0, 3;
    %cmp/u;
    %jmp/1 T_0.4, 6;
    %dup/vec4;
    %pushi/vec4 3, 0, 3;
    %cmp/u;
    %jmp/1 T_0.5, 6;
    %dup/vec4;
    %pushi/vec4 4, 0, 3;
    %cmp/u;
    %jmp/1 T_0.6, 6;
    %dup/vec4;
    %pushi/vec4 5, 0, 3;
    %cmp/u;
    %jmp/1 T_0.7, 6;
    %pushi/vec4 0, 0, 3;
    %assign/vec4 v0x633fadc7e270_0, 0;
    %pushi/vec4 1, 0, 3;
    %assign/vec4 v0x633fadc7e3a0_0, 0;
    %jmp T_0.9;
T_0.2 ;
    %load/vec4 v0x633fadc7e3a0_0;
    %cmpi/u 6, 0, 3;
    %jmp/0xz  T_0.10, 5;
    %load/vec4 v0x633fadc7e3a0_0;
    %addi 1, 0, 3;
    %assign/vec4 v0x633fadc7e3a0_0, 0;
    %jmp T_0.11;
T_0.10 ;
    %pushi/vec4 1, 0, 3;
    %assign/vec4 v0x633fadc7e270_0, 0;
    %pushi/vec4 1, 0, 3;
    %assign/vec4 v0x633fadc7e3a0_0, 0;
T_0.11 ;
    %jmp T_0.9;
T_0.3 ;
    %load/vec4 v0x633fadc7e3a0_0;
    %cmpi/u 1, 0, 3;
    %jmp/0xz  T_0.12, 5;
    %load/vec4 v0x633fadc7e3a0_0;
    %addi 1, 0, 3;
    %assign/vec4 v0x633fadc7e3a0_0, 0;
    %jmp T_0.13;
T_0.12 ;
    %pushi/vec4 2, 0, 3;
    %assign/vec4 v0x633fadc7e270_0, 0;
    %pushi/vec4 1, 0, 3;
    %assign/vec4 v0x633fadc7e3a0_0, 0;
T_0.13 ;
    %jmp T_0.9;
T_0.4 ;
    %load/vec4 v0x633fadc7e3a0_0;
    %cmpi/u 1, 0, 3;
    %jmp/0xz  T_0.14, 5;
    %load/vec4 v0x633fadc7e3a0_0;
    %addi 1, 0, 3;
    %assign/vec4 v0x633fadc7e3a0_0, 0;
    %jmp T_0.15;
T_0.14 ;
    %pushi/vec4 3, 0, 3;
    %assign/vec4 v0x633fadc7e270_0, 0;
    %pushi/vec4 1, 0, 3;
    %assign/vec4 v0x633fadc7e3a0_0, 0;
T_0.15 ;
    %jmp T_0.9;
T_0.5 ;
    %load/vec4 v0x633fadc7e3a0_0;
    %cmpi/u 6, 0, 3;
    %jmp/0xz  T_0.16, 5;
    %load/vec4 v0x633fadc7e3a0_0;
    %addi 1, 0, 3;
    %assign/vec4 v0x633fadc7e3a0_0, 0;
    %jmp T_0.17;
T_0.16 ;
    %pushi/vec4 4, 0, 3;
    %assign/vec4 v0x633fadc7e270_0, 0;
    %pushi/vec4 1, 0, 3;
    %assign/vec4 v0x633fadc7e3a0_0, 0;
T_0.17 ;
    %jmp T_0.9;
T_0.6 ;
    %load/vec4 v0x633fadc7e3a0_0;
    %cmpi/u 1, 0, 3;
    %jmp/0xz  T_0.18, 5;
    %load/vec4 v0x633fadc7e3a0_0;
    %addi 1, 0, 3;
    %assign/vec4 v0x633fadc7e3a0_0, 0;
    %jmp T_0.19;
T_0.18 ;
    %pushi/vec4 5, 0, 3;
    %assign/vec4 v0x633fadc7e270_0, 0;
    %pushi/vec4 1, 0, 3;
    %assign/vec4 v0x633fadc7e3a0_0, 0;
T_0.19 ;
    %jmp T_0.9;
T_0.7 ;
    %load/vec4 v0x633fadc7e3a0_0;
    %cmpi/u 1, 0, 3;
    %jmp/0xz  T_0.20, 5;
    %load/vec4 v0x633fadc7e3a0_0;
    %addi 1, 0, 3;
    %assign/vec4 v0x633fadc7e3a0_0, 0;
    %jmp T_0.21;
T_0.20 ;
    %pushi/vec4 0, 0, 3;
    %assign/vec4 v0x633fadc7e270_0, 0;
    %pushi/vec4 1, 0, 3;
    %assign/vec4 v0x633fadc7e3a0_0, 0;
T_0.21 ;
    %jmp T_0.9;
T_0.9 ;
    %pop/vec4 1;
T_0.1 ;
    %jmp T_0;
    .thread T_0;
    .scope S_0x633fadc66dd0;
T_1 ;
    %wait E_0x633fadc5a870;
    %load/vec4 v0x633fadc7e270_0;
    %dup/vec4;
    %pushi/vec4 0, 0, 3;
    %cmp/u;
    %jmp/1 T_1.0, 6;
    %dup/vec4;
    %pushi/vec4 1, 0, 3;
    %cmp/u;
    %jmp/1 T_1.1, 6;
    %dup/vec4;
    %pushi/vec4 2, 0, 3;
    %cmp/u;
    %jmp/1 T_1.2, 6;
    %dup/vec4;
    %pushi/vec4 3, 0, 3;
    %cmp/u;
    %jmp/1 T_1.3, 6;
    %dup/vec4;
    %pushi/vec4 4, 0, 3;
    %cmp/u;
    %jmp/1 T_1.4, 6;
    %dup/vec4;
    %pushi/vec4 5, 0, 3;
    %cmp/u;
    %jmp/1 T_1.5, 6;
    %pushi/vec4 4, 0, 3;
    %store/vec4 v0x633fadc7dfe0_0, 0, 3;
    %pushi/vec4 4, 0, 3;
    %store/vec4 v0x633fadc7e0c0_0, 0, 3;
    %jmp T_1.7;
T_1.0 ;
    %pushi/vec4 1, 0, 3;
    %store/vec4 v0x633fadc7dfe0_0, 0, 3;
    %pushi/vec4 4, 0, 3;
    %store/vec4 v0x633fadc7e0c0_0, 0, 3;
    %jmp T_1.7;
T_1.1 ;
    %pushi/vec4 2, 0, 3;
    %store/vec4 v0x633fadc7dfe0_0, 0, 3;
    %pushi/vec4 4, 0, 3;
    %store/vec4 v0x633fadc7e0c0_0, 0, 3;
    %jmp T_1.7;
T_1.2 ;
    %pushi/vec4 4, 0, 3;
    %store/vec4 v0x633fadc7dfe0_0, 0, 3;
    %pushi/vec4 4, 0, 3;
    %store/vec4 v0x633fadc7e0c0_0, 0, 3;
    %jmp T_1.7;
T_1.3 ;
    %pushi/vec4 4, 0, 3;
    %store/vec4 v0x633fadc7dfe0_0, 0, 3;
    %pushi/vec4 1, 0, 3;
    %store/vec4 v0x633fadc7e0c0_0, 0, 3;
    %jmp T_1.7;
T_1.4 ;
    %pushi/vec4 4, 0, 3;
    %store/vec4 v0x633fadc7dfe0_0, 0, 3;
    %pushi/vec4 2, 0, 3;
    %store/vec4 v0x633fadc7e0c0_0, 0, 3;
    %jmp T_1.7;
T_1.5 ;
    %pushi/vec4 4, 0, 3;
    %store/vec4 v0x633fadc7dfe0_0, 0, 3;
    %pushi/vec4 4, 0, 3;
    %store/vec4 v0x633fadc7e0c0_0, 0, 3;
    %jmp T_1.7;
T_1.7 ;
    %pop/vec4 1;
    %jmp T_1;
    .thread T_1, $push;
    .scope S_0x633fadc66c50;
T_2 ;
    %pushi/vec4 0, 0, 1;
    %store/vec4 v0x633fadc7e500_0, 0, 1;
T_2.0 ;
    %delay 500, 0;
    %load/vec4 v0x633fadc7e500_0;
    %inv;
    %store/vec4 v0x633fadc7e500_0, 0, 1;
    %jmp T_2.0;
    %end;
    .thread T_2;
    .scope S_0x633fadc66c50;
T_3 ;
    %pushi/vec4 1, 0, 1;
    %store/vec4 v0x633fadc7e790_0, 0, 1;
    %delay 2000, 0;
    %pushi/vec4 0, 0, 1;
    %store/vec4 v0x633fadc7e790_0, 0, 1;
    %delay 34000, 0;
    %vpi_call 2 40 "$display", "Simulation completed successfully." {0 0 0};
    %vpi_call 2 41 "$finish" {0 0 0};
    %end;
    .thread T_3;
    .scope S_0x633fadc66c50;
T_4 ;
    %vpi_call 2 46 "$dumpfile", "dump.vcd" {0 0 0};
    %vpi_call 2 47 "$dumpvars", 32'sb00000000000000000000000000000000, S_0x633fadc66c50 {0 0 0};
    %end;
    .thread T_4;
# The file index is used to find the file name in the following table.
:file_names 4;
    "N/A";
    "<interactive>";
    "traffic_light_controller_tb.v";
    "traffic_light_controller.v";
